// Jest Snapshot v1, https://goo.gl/fbAQLP

exports[`Components > User Render a snapshot for Link use enzyme 1`] = `
<div
  className="card"
>
  <div
    className="card-header"
  >
    <strong>
      Cập nhật thông tin nhân viên 
      <i>
        trandang
      </i>
    </strong>
  </div>
  <div
    className="card-body"
  >
    <form
      className="form-horizontal"
    >
      <div
        className="form-group row"
      >
        <label
          className="col-md-3 col-form-label"
          htmlFor="hf-email"
        >
          Email
        </label>
        <div
          className="col-md-9"
        >
          <input
            autoComplete="email"
            className="form-control"
            name="email"
            onChange={
              [MockFunction] {
                "calls": Array [
                  Array [
                    Object {
                      "preventDefault": [Function],
                      "target": Object {
                        "value": "the-value",
                      },
                    },
                  ],
                ],
                "results": Array [
                  Object {
                    "isThrow": false,
                    "value": undefined,
                  },
                ],
              }
            }
            placeholder="dang.th@teko.vn"
            type="email"
          />
          <span
            className="help-block"
          >
            Please enter your email
          </span>
        </div>
      </div>
      <div
        className="form-group row"
      >
        <label
          className="col-md-3 col-form-label"
          htmlFor="hf-password"
        >
          Name
        </label>
        <div
          className="col-md-9"
        >
          <input
            className="form-control"
            name="name"
            onChange={
              [MockFunction] {
                "calls": Array [
                  Array [
                    Object {
                      "preventDefault": [Function],
                      "target": Object {
                        "value": "the-value",
                      },
                    },
                  ],
                ],
                "results": Array [
                  Object {
                    "isThrow": false,
                    "value": undefined,
                  },
                ],
              }
            }
            placeholder="teko vietnam"
            type="text"
          />
          <span
            className="help-block"
          >
            Please enter your name
          </span>
        </div>
      </div>
    </form>
  </div>
  <div
    className="card-footer"
  >
    <button
      className="btn btn-sm btn-primary"
      onClick={[Function]}
    >
      <i
        className="fa fa-dot-circle-o"
      />
       Submit
    </button>
  </div>
</div>
`;
